# cgf-campaign-results-v1
# columns=key	outcome	detail
baseline.build	PASS	compiler=host-gcc
build	PASS	compiler=cgfried
host.arch	PASS	architecture=arm64
parity.cgfried-only-failures	PASS	cases=0
source.pin	PASS	revision=d62b154d05de438e12e8b5e980d43ef65ea1bb6c
test.cgfried-native	PASS	cases=28
test.excluded	PASS	cases=dark.ssa:upstream-declared-skip,dynalloc.ssa:upstream-non-entry-alloc,vararg1.ssa:upstream-sp-alignment,vararg2.ssa:upstream-sp-alignment
test.host-gcc-native	PASS	cases=28
