# cgf-campaign-results-v1
# columns=key	outcome	detail
baseline.build	PASS	compiler=host-gcc,opt=O2
baseline.test.upstream	PASS	cases=4
build	PASS	archive=libz.a,objects=15
configure	PASS	mode=static
linkage	PASS	binaries=4,library=static
parity.outputs	PASS	examples=2,benchmark=crc32+adler32
performance.report	PASS	protocol=sprint-53-report-only-v1,artifact=performance-report.txt
source.archive	PASS	sha256=9a93b2b7dfdac77ceba5a558a580e74667dd6fede4585b91eefb60f03b72df23
source.pin	PASS	version=1.3.1
test.upstream	PASS	cases=4,opt=O2
